// Jest Snapshot v1, https://goo.gl/fbAQLP

exports[`Home.vue should render 1`] = `
<div class="home">
  <div class="homeinner">
    Homepage
  </div>
</div>
`;
